python : Traceback 
(most recent call 
last):
At line:1 char:1
+ python test_session
_storage.py > 
test_output.txt 2>&1
+ ~~~~~~~~~~~~~~~~~~~
~~~~~~~~~~~~~~~~~~~~~
~~~~~~~~~~~~~
    + CategoryInfo   
           : NotSpe  
  cified: (Traceba   
 ck (most recent     
call last)::Stri    
ng) [], RemoteEx    
ception
    + FullyQualified 
   ErrorId : Native  
  CommandError
 
  File "C:\Users\Sati
sh\Desktop\Major proj
ect\API_TESTING\backe
nd\test_session_stora
ge.py", line 5, in 
<module>
    from app.main 
import app, 
get_current_user_id, 
get_user_session_path
  File "C:\Users\Sati
sh\Desktop\Major proj
ect\API_TESTING\backe
nd\app\main.py", 
line 41
    import os
IndentationError: 
expected an indented 
block after 'if' 
statement on line 39
